------------------------------------------------------------
TimeQuest Timing Analyzer Summary
------------------------------------------------------------

Type  : Slow 1100mV 85C Model Setup 'clk'
Slack : 15.745
TNS   : 0.000

Type  : Slow 1100mV 85C Model Hold 'clk'
Slack : 0.296
TNS   : 0.000

Type  : Slow 1100mV 85C Model Minimum Pulse Width 'clk'
Slack : 9.393
TNS   : 0.000

Type  : Slow 1100mV 0C Model Setup 'clk'
Slack : 15.723
TNS   : 0.000

Type  : Slow 1100mV 0C Model Hold 'clk'
Slack : 0.282
TNS   : 0.000

Type  : Slow 1100mV 0C Model Minimum Pulse Width 'clk'
Slack : 9.311
TNS   : 0.000

Type  : Fast 1100mV 85C Model Setup 'clk'
Slack : 17.422
TNS   : 0.000

Type  : Fast 1100mV 85C Model Hold 'clk'
Slack : 0.166
TNS   : 0.000

Type  : Fast 1100mV 85C Model Minimum Pulse Width 'clk'
Slack : 9.418
TNS   : 0.000

Type  : Fast 1100mV 0C Model Setup 'clk'
Slack : 17.568
TNS   : 0.000

Type  : Fast 1100mV 0C Model Hold 'clk'
Slack : 0.151
TNS   : 0.000

Type  : Fast 1100mV 0C Model Minimum Pulse Width 'clk'
Slack : 9.416
TNS   : 0.000

------------------------------------------------------------
